// Jest Snapshot v1, https://goo.gl/fbAQLP

exports[`renders the UI as expected 1`] = `
<div
  className="PupdateProfile"
>
  <section>
    <h2>
      Pupdate on 
      March 21, 2021
    </h2>
    <div>
      <p>
        Time:
         
        Invalid date
         
        - 
        Invalid date
         
        <br />
        Location: 
      </p>
    </div>
    <div />
    <div>
      <h3>
        Organized by:
      </h3>
      <ul />
    </div>
    <div>
      <div
        className="AttendeeList-main"
      >
        <div
          className="AttendeeList-section"
        >
          <button>
            toggle
          </button>
          <div
            className="AttendeeList-sectionhead"
            onClick={[Function]}
          >
            <h3>
              Attendee List
            </h3>
          </div>
          <div
            className="AttendeeList-hidden"
          >
            <div
              className="AttendeeList-article"
            >
              <ul>
                <li>
                  No attendees yet!
                </li>
              </ul>
            </div>
          </div>
        </div>
      </div>
    </div>
    <br />
    <div>
      <button
        className="PupdateProfile-button"
        onClick={[Function]}
      >
        I'll be there!
      </button>
    </div>
    <button
      className="PupdateProfile-button"
      onClick={[Function]}
    >
      Back to Pupdates
    </button>
  </section>
</div>
`;
