// Jest Snapshot v1, https://goo.gl/fbAQLP

exports[`renders the UI as expected 1`] = `
<div
  className="AddPup"
>
  <h2>
    Add a Pup
  </h2>
  <form
    className="AddPup-form"
    onSubmit={[Function]}
  >
    <div
      className="AddPup-error"
      role="alert"
    />
    <label
      htmlFor="name"
    >
      Name:
    </label>
    <input
      id="name"
      name="name"
      onChange={[Function]}
      required={true}
      type="text"
      value=""
    />
    <label
      htmlFor="breed"
    >
      Breed (if your pup's a mixture, select the dominant breed):
    </label>
    <select
      id="breed"
      name="breed"
      onChange={[Function]}
      value=""
    />
    <div
      className="AddPup-mix"
    >
      <input
        className="pup-mix"
        id="mix"
        name="mix"
        onChange={[Function]}
        type="checkbox"
        value={false}
      />
      <label
        htmlFor="mix"
      >
        My pup's a mix!
      </label>
    </div>
    <label
      htmlFor="age"
    >
      Age range:
    </label>
    <select
      id="age"
      name="age"
      onChange={[Function]}
      required={true}
      value="Puppy"
    >
      <option
        id="puppy"
        value="Puppy"
      >
        Puppy (6-18 months)
      </option>
      <option
        id="adult"
        value="Adult"
      >
        Adult (18 months-6 years)
      </option>
      <option
        id="senior"
        value="Senior"
      >
        Senior (6 years and older)
      </option>
    </select>
    <label
      htmlFor="size"
    >
      Size:
    </label>
    <select
      id="size"
      name="size"
      onChange={[Function]}
      required={true}
      value="XS"
    >
      <option
        id="x-small"
        value="XS"
      >
        Extra Small (under 10lbs)
      </option>
      <option
        id="small"
        value="S"
      >
        Small (10-30lbs)
      </option>
      <option
        id="medium"
        value="M"
      >
        Medium (30-60lbs)
      </option>
      <option
        id="large"
        value="L"
      >
        Large (60-90lbs)
      </option>
      <option
        id="x-large"
        value="XL"
      >
        Extra Large (over 90lbs)
      </option>
    </select>
    <label
      htmlFor="pup-playstyle"
    >
      Playstyle (check all that apply):
    </label>
    <div
      className="AddPup-option"
    >
      <input
        id="nervous"
        name="nervous"
        onChange={[Function]}
        type="checkbox"
        value={false}
      />
      <label
        className="checkbox"
        htmlFor="nervous"
      >
        Nervous/Shy
      </label>
    </div>
    <div
      className="AddPup-option"
    >
      <input
        id="rambunctious"
        name="rambunctious"
        onChange={[Function]}
        type="checkbox"
        value={false}
      />
      <label
        className="checkbox"
        htmlFor="rambunctious"
      >
        Rambunctious/Boisterous
      </label>
    </div>
    <div
      className="AddPup-option"
    >
      <input
        id="gentle"
        name="gentle"
        onChange={[Function]}
        type="checkbox"
        value={false}
      />
      <label
        className="checkbox"
        htmlFor="gentle"
      >
        Gentle play
      </label>
    </div>
    <div
      className="AddPup-option"
    >
      <input
        id="wrestling"
        name="wrestling"
        onChange={[Function]}
        type="checkbox"
        value={false}
      />
      <label
        className="checkbox"
        htmlFor="wrestling"
      >
        Playfighting/wrestling
      </label>
    </div>
    <div
      className="AddPup-option"
    >
      <input
        id="foodobsessed"
        name="foodobsessed"
        onChange={[Function]}
        type="checkbox"
        value={false}
      />
      <label
        className="checkbox"
        htmlFor="foodobsessed"
      >
        Food-obsessed
      </label>
    </div>
    <div
      className="AddPup-option"
    >
      <input
        id="ballobsessed"
        name="ballobsessed"
        onChange={[Function]}
        type="checkbox"
        value={false}
      />
      <label
        className="checkbox"
        htmlFor="ballobsessed"
      >
        Ball-obsessed
      </label>
    </div>
    <div
      className="AddPup-option"
    >
      <input
        id="walks"
        name="walks"
        onChange={[Function]}
        type="checkbox"
        value={false}
      />
      <label
        className="checkbox"
        htmlFor="walks"
      >
        Prefers walks
      </label>
    </div>
    <div
      className="AddPup-option"
    >
      <input
        id="parks"
        name="parks"
        onChange={[Function]}
        type="checkbox"
        value={false}
      />
      <label
        className="checkbox"
        htmlFor="parks"
      >
        Prefers off-leash parks
      </label>
    </div>
    <label
      htmlFor="description"
    >
      Description:
    </label>
    <textarea
      className="AddPupdate-textarea"
      cols="10"
      id="description"
      name="description"
      onChange={[Function]}
      rows="5"
      value=""
    />
    <label
      htmlFor="uploads"
    >
      Photo:
    </label>
    <input
      id="uploads"
      name="uploads"
      onChange={[Function]}
      required={true}
      type="file"
    />
    <button
      type="submit"
    >
      Submit
    </button>
    <button
      onClick={[Function]}
      type="button"
    >
      Cancel
    </button>
  </form>
</div>
`;
