// Jest Snapshot v1, https://goo.gl/fbAQLP

exports[`renders the UI as expected 1`] = `
<div
  className="AddPupdate"
>
  <h2>
    New Pupdate
  </h2>
  <form
    className="AddPupdate-form"
    onSubmit={[Function]}
  >
    <div
      className="AddPupdate-error"
      role="alert"
    />
    <label
      htmlFor="location"
    >
      Location:
      <span>
        *
      </span>
    </label>
    <div
      className="search-location-input"
    >
      <input
        onChange={[Function]}
        placeholder="Enter a location (e.g. a local park)"
        value=""
      />
    </div>
    <label
      htmlFor="date"
    >
      Date:
      <span>
        *
      </span>
    </label>
    <input
      id="date"
      onChange={[Function]}
      required={true}
      type="date"
      value=""
    />
    <label
      htmlFor="starttime"
    >
      Start Time:
      <span>
        *
      </span>
    </label>
    <input
      id="starttime"
      onChange={[Function]}
      required={true}
      type="time"
      value=""
    />
    <label
      htmlFor="endtime"
    >
      End Time
      <span>
        *
      </span>
       
    </label>
    <input
      id="endtime"
      onChange={[Function]}
      required={true}
      type="time"
      value=""
    />
    <label
      htmlFor="description"
    >
      Description:
    </label>
    <textarea
      className="AddPupdate-textarea"
      cols="10"
      id="description"
      name="description"
      onChange={[Function]}
      rows="5"
      value=""
    />
    <button
      type="submit"
    >
      Submit
    </button>
     
    <button
      onClick={[Function]}
      type="button"
    >
      Cancel
    </button>
  </form>
</div>
`;
