// Jest Snapshot v1, https://goo.gl/fbAQLP

exports[`renders the UI as expected 1`] = `
<div
  className="Pupdates"
>
  <h2>
    Pupdates
  </h2>
  <section>
    <div
      className="main"
    >
      <div
        className="section"
      >
        <div
          className="sectionhead"
          onClick={[Function]}
        >
          <h3>
            Pupdates I've Organized
          </h3>
        </div>
        <div
          className="page fadeOut"
        >
          <div
            className="article"
          >
             
            <p>
              No pupdates here! Why don't you create one?
            </p>
          </div>
        </div>
      </div>
    </div>
    <div
      className="main"
    >
      <div
        className="section"
      >
        <div
          className="sectionhead"
          onClick={[Function]}
        >
          <h3>
            Pupdates I'm Attending
          </h3>
        </div>
        <div
          className="page fadeOut"
        >
          <div
            className="article"
          >
             
            <p>
              No pupdates here! Why don't you create one?
            </p>
          </div>
        </div>
      </div>
    </div>
    <div
      className="AvailablePupdates"
    >
      <section>
        <div>
          <div
            className="main"
          >
            <div
              className="section"
            >
              <div
                className="sectionhead"
                onClick={[Function]}
              >
                <h3>
                  Available Pupdates
                </h3>
              </div>
              <div
                className="page fadeOut"
              >
                <div
                  className="article"
                >
                   
                  <p>
                    No pupdates here! Why don't you create one?
                  </p>
                </div>
              </div>
            </div>
          </div>
        </div>
      </section>
    </div>
  </section>
</div>
`;
