// Jest Snapshot v1, https://goo.gl/fbAQLP

exports[`renders the UI as expected 1`] = `
<div
  className="AvailablePupdates"
>
  <section>
    <div>
      <div
        className="main Accordion"
      >
        <div
          className="section"
        >
          <button>
            toggle
          </button>
          <div
            className="sectionhead"
            onClick={[Function]}
          >
            <h3>
              Available Pupdates
            </h3>
          </div>
          <div
            className="hidden"
          >
            <div
              className="article"
            >
               
              <p>
                No pupdates here! Why don't you
                 
                <a
                  href="/new-pupdate"
                >
                  create one?
                </a>
              </p>
            </div>
          </div>
        </div>
      </div>
    </div>
  </section>
</div>
`;
